// Jest Snapshot v1, https://goo.gl/fbAQLP

exports[`Pruebas en <CategoryAdd /> Debe rederizar el componente CategoryAdd 1`] = `
<form
  onSubmit={[Function]}
>
  <p />
  <input
    onChange={[Function]}
    type="text"
    value=""
  />
</form>
`;
